Archive member included to satisfy reference by file (symbol)

../cpu_bsp/\libhal_bsp.a(alt_load.o)
                              ../cpu_bsp//obj/HAL/src/crt0.o (alt_load)
../cpu_bsp/\libhal_bsp.a(alt_main.o)
                              ../cpu_bsp//obj/HAL/src/crt0.o (alt_main)
../cpu_bsp/\libhal_bsp.a(alt_usleep.o)
                              obj/default/hello_world_small.o (usleep)
../cpu_bsp/\libhal_bsp.a(alt_sys_init.o)
                              ../cpu_bsp/\libhal_bsp.a(alt_main.o) (alt_irq_init)
../cpu_bsp/\libhal_bsp.a(alt_busy_sleep.o)
                              ../cpu_bsp/\libhal_bsp.a(alt_usleep.o) (alt_busy_sleep)
../cpu_bsp/\libhal_bsp.a(alt_dcache_flush_all.o)
                              ../cpu_bsp/\libhal_bsp.a(alt_load.o) (alt_dcache_flush_all)
../cpu_bsp/\libhal_bsp.a(alt_do_ctors.o)
                              ../cpu_bsp/\libhal_bsp.a(alt_main.o) (_do_ctors)
../cpu_bsp/\libhal_bsp.a(alt_icache_flush_all.o)
                              ../cpu_bsp/\libhal_bsp.a(alt_load.o) (alt_icache_flush_all)
../cpu_bsp/\libhal_bsp.a(altera_nios2_gen2_irq.o)
                              ../cpu_bsp/\libhal_bsp.a(alt_sys_init.o) (altera_nios2_gen2_irq_init)
c:/intelfpga_lite/17.1/nios2eds/bin/gnu/h-x86_64-mingw32/bin/../lib/gcc/nios2-elf/5.3.0/mno-hw-mul\libgcc.a(lib2-divmod.o)
                              ../cpu_bsp/\libhal_bsp.a(alt_busy_sleep.o) (__udivsi3)
c:/intelfpga_lite/17.1/nios2eds/bin/gnu/h-x86_64-mingw32/bin/../lib/gcc/nios2-elf/5.3.0/mno-hw-mul\libgcc.a(lib2-mul.o)
                              ../cpu_bsp/\libhal_bsp.a(alt_busy_sleep.o) (__mulsi3)

Memory Configuration

Name             Origin             Length             Attributes
reset            0x0000000000001000 0x0000000000000020
onchip_memory2_0 0x0000000000001020 0x0000000000000fe0
*default*        0x0000000000000000 0xffffffffffffffff

Linker script and memory map

LOAD ../cpu_bsp//obj/HAL/src/crt0.o
LOAD obj/default/hello_world_small.o
LOAD c:/intelfpga_lite/17.1/nios2eds/bin/gnu/h-x86_64-mingw32/bin/../lib/gcc/nios2-elf/5.3.0/../../../../../H-x86_64-mingw32/nios2-elf/lib/mno-hw-mul\libstdc++.a
LOAD c:/intelfpga_lite/17.1/nios2eds/bin/gnu/h-x86_64-mingw32/bin/../lib/gcc/nios2-elf/5.3.0/../../../../../H-x86_64-mingw32/nios2-elf/lib/mno-hw-mul\libm.a
LOAD c:/intelfpga_lite/17.1/nios2eds/bin/gnu/h-x86_64-mingw32/bin/../lib/gcc/nios2-elf/5.3.0/mno-hw-mul\libgcc.a
START GROUP
LOAD c:/intelfpga_lite/17.1/nios2eds/bin/gnu/h-x86_64-mingw32/bin/../lib/gcc/nios2-elf/5.3.0/../../../../../H-x86_64-mingw32/nios2-elf/lib/mno-hw-mul\libsmallc.a
LOAD c:/intelfpga_lite/17.1/nios2eds/bin/gnu/h-x86_64-mingw32/bin/../lib/gcc/nios2-elf/5.3.0/mno-hw-mul\libgcc.a
LOAD ../cpu_bsp/\libhal_bsp.a
LOAD c:/intelfpga_lite/17.1/nios2eds/bin/gnu/h-x86_64-mingw32/bin/../lib/gcc/nios2-elf/5.3.0/../../../../../H-x86_64-mingw32/nios2-elf/lib/mno-hw-mul\libm.a
END GROUP
LOAD c:/intelfpga_lite/17.1/nios2eds/bin/gnu/h-x86_64-mingw32/bin/../lib/gcc/nios2-elf/5.3.0/mno-hw-mul\libgcc.a
                0x0000000000001000                __alt_mem_onchip_memory2_0 = 0x1000

.entry          0x0000000000001000       0x20
 *(.entry)
 .entry         0x0000000000001000       0x20 ../cpu_bsp//obj/HAL/src/crt0.o
                0x0000000000001000                __reset
                0x000000000000100c                _exit

.exceptions     0x0000000000001020        0x0
                0x0000000000001020                PROVIDE (__ram_exceptions_start, ABSOLUTE (.))
                0x0000000000001020                . = ALIGN (0x20)
 *(.irq)
 *(.exceptions.entry.label)
 *(.exceptions.entry.user)
 *(.exceptions.entry.ecc_fatal)
 *(.exceptions.entry)
 *(.exceptions.irqtest.user)
 *(.exceptions.irqtest)
 *(.exceptions.irqhandler.user)
 *(.exceptions.irqhandler)
 *(.exceptions.irqreturn.user)
 *(.exceptions.irqreturn)
 *(.exceptions.notirq.label)
 *(.exceptions.notirq.user)
 *(.exceptions.notirq)
 *(.exceptions.soft.user)
 *(.exceptions.soft)
 *(.exceptions.unknown.user)
 *(.exceptions.unknown)
 *(.exceptions.exit.label)
 *(.exceptions.exit.user)
 *(.exceptions.exit)
 *(.exceptions)
                0x0000000000001020                PROVIDE (__ram_exceptions_end, ABSOLUTE (.))
                0x0000000000001020                PROVIDE (__flash_exceptions_start, LOADADDR (.exceptions))

.text           0x0000000000001020      0x47c
                [!provide]                        PROVIDE (stext, ABSOLUTE (.))
 *(.interp)
 *(.hash)
 *(.dynsym)
 *(.dynstr)
 *(.gnu.version)
 *(.gnu.version_d)
 *(.gnu.version_r)
 *(.rel.init)
 *(.rela.init)
 *(.rel.text .rel.text.* .rel.gnu.linkonce.t.*)
 *(.rela.text .rela.text.* .rela.gnu.linkonce.t.*)
 *(.rel.fini)
 *(.rela.fini)
 *(.rel.rodata .rel.rodata.* .rel.gnu.linkonce.r.*)
 *(.rela.rodata .rela.rodata.* .rela.gnu.linkonce.r.*)
 *(.rel.data .rel.data.* .rel.gnu.linkonce.d.*)
 *(.rela.data .rela.data.* .rela.gnu.linkonce.d.*)
 *(.rel.tdata .rel.tdata.* .rel.gnu.linkonce.td.*)
 *(.rela.tdata .rela.tdata.* .rela.gnu.linkonce.td.*)
 *(.rel.tbss .rel.tbss.* .rel.gnu.linkonce.tb.*)
 *(.rela.tbss .rela.tbss.* .rela.gnu.linkonce.tb.*)
 *(.rel.ctors)
 *(.rela.ctors)
 *(.rel.dtors)
 *(.rela.dtors)
 *(.rel.got)
 *(.rela.got)
 *(.rel.sdata .rel.sdata.* .rel.gnu.linkonce.s.*)
 *(.rela.sdata .rela.sdata.* .rela.gnu.linkonce.s.*)
 *(.rel.sbss .rel.sbss.* .rel.gnu.linkonce.sb.*)
 *(.rela.sbss .rela.sbss.* .rela.gnu.linkonce.sb.*)
 *(.rel.sdata2 .rel.sdata2.* .rel.gnu.linkonce.s2.*)
 *(.rela.sdata2 .rela.sdata2.* .rela.gnu.linkonce.s2.*)
 *(.rel.sbss2 .rel.sbss2.* .rel.gnu.linkonce.sb2.*)
 *(.rela.sbss2 .rela.sbss2.* .rela.gnu.linkonce.sb2.*)
 *(.rel.bss .rel.bss.* .rel.gnu.linkonce.b.*)
 *(.rela.bss .rela.bss.* .rela.gnu.linkonce.b.*)
 *(.rel.plt)
 *(.rela.plt)
 *(.rel.dyn)
 *(.init)
 *(.plt)
 *(.text .stub .text.* .gnu.linkonce.t.*)
 .text          0x0000000000001020       0x3c ../cpu_bsp//obj/HAL/src/crt0.o
                0x0000000000001020                _start
 .text          0x000000000000105c        0x0 obj/default/hello_world_small.o
 .text.startup  0x000000000000105c       0x4c obj/default/hello_world_small.o
                0x000000000000105c                main
 .text          0x00000000000010a8       0xe0 ../cpu_bsp/\libhal_bsp.a(alt_load.o)
                0x00000000000010a8                alt_load
 .text          0x0000000000001188       0x30 ../cpu_bsp/\libhal_bsp.a(alt_main.o)
                0x0000000000001188                alt_main
 .text          0x00000000000011b8        0x4 ../cpu_bsp/\libhal_bsp.a(alt_usleep.o)
                0x00000000000011b8                usleep
 .text          0x00000000000011bc       0x24 ../cpu_bsp/\libhal_bsp.a(alt_sys_init.o)
                0x00000000000011bc                alt_irq_init
                0x00000000000011dc                alt_sys_init
 .text          0x00000000000011e0       0x88 ../cpu_bsp/\libhal_bsp.a(alt_busy_sleep.o)
                0x00000000000011e0                alt_busy_sleep
 .text          0x0000000000001268        0x4 ../cpu_bsp/\libhal_bsp.a(alt_dcache_flush_all.o)
                0x0000000000001268                alt_dcache_flush_all
 .text          0x000000000000126c       0x48 ../cpu_bsp/\libhal_bsp.a(alt_do_ctors.o)
                0x000000000000126c                _do_ctors
 .text          0x00000000000012b4        0x4 ../cpu_bsp/\libhal_bsp.a(alt_icache_flush_all.o)
                0x00000000000012b4                alt_icache_flush_all
 .text          0x00000000000012b8        0x8 ../cpu_bsp/\libhal_bsp.a(altera_nios2_gen2_irq.o)
                0x00000000000012b8                altera_nios2_gen2_irq_init
 .text          0x00000000000012c0      0x1b4 c:/intelfpga_lite/17.1/nios2eds/bin/gnu/h-x86_64-mingw32/bin/../lib/gcc/nios2-elf/5.3.0/mno-hw-mul\libgcc.a(lib2-divmod.o)
                0x00000000000012c0                __divsi3
                0x0000000000001344                __modsi3
                0x00000000000013b8                __udivsi3
                0x000000000000141c                __umodsi3
 .text          0x0000000000001474       0x28 c:/intelfpga_lite/17.1/nios2eds/bin/gnu/h-x86_64-mingw32/bin/../lib/gcc/nios2-elf/5.3.0/mno-hw-mul\libgcc.a(lib2-mul.o)
                0x0000000000001474                __mulsi3
 *(.gnu.warning.*)
 *(.fini)
                [!provide]                        PROVIDE (__etext, ABSOLUTE (.))
                [!provide]                        PROVIDE (_etext, ABSOLUTE (.))
                [!provide]                        PROVIDE (etext, ABSOLUTE (.))
 *(.eh_frame_hdr)
                0x000000000000149c                . = ALIGN (0x4)
                [!provide]                        PROVIDE (__preinit_array_start, ABSOLUTE (.))
 *(.preinit_array)
                [!provide]                        PROVIDE (__preinit_array_end, ABSOLUTE (.))
                [!provide]                        PROVIDE (__init_array_start, ABSOLUTE (.))
 *(.init_array)
                [!provide]                        PROVIDE (__init_array_end, ABSOLUTE (.))
                [!provide]                        PROVIDE (__fini_array_start, ABSOLUTE (.))
 *(.fini_array)
                [!provide]                        PROVIDE (__fini_array_end, ABSOLUTE (.))
 *(.eh_frame)
 *(.gcc_except_table .gcc_except_table.*)
 *(.dynamic)
                0x000000000000149c                PROVIDE (__CTOR_LIST__, ABSOLUTE (.))
 *(.ctors)
 *(SORT(.ctors.*))
                0x000000000000149c                PROVIDE (__CTOR_END__, ABSOLUTE (.))
                [!provide]                        PROVIDE (__DTOR_LIST__, ABSOLUTE (.))
 *(.dtors)
 *(SORT(.dtors.*))
                [!provide]                        PROVIDE (__DTOR_END__, ABSOLUTE (.))
 *(.jcr)
                0x000000000000149c                . = ALIGN (0x4)

.rodata         0x000000000000149c        0x0
                0x000000000000149c                PROVIDE (__ram_rodata_start, ABSOLUTE (.))
                0x000000000000149c                . = ALIGN (0x4)
 *(.rodata .rodata.* .gnu.linkonce.r.*)
 *(.rodata1)
                0x000000000000149c                . = ALIGN (0x4)
                0x000000000000149c                PROVIDE (__ram_rodata_end, ABSOLUTE (.))
                0x000000000000149c                PROVIDE (__flash_rodata_start, LOADADDR (.rodata))

.rwdata         0x000000000000149c        0x0
                0x000000000000149c                PROVIDE (__ram_rwdata_start, ABSOLUTE (.))
                0x000000000000149c                . = ALIGN (0x4)
 *(.got.plt)
 *(.got)
 *(.data1)
 *(.data .data.* .gnu.linkonce.d.*)
 .data          0x000000000000149c        0x0 ../cpu_bsp//obj/HAL/src/crt0.o
 .data          0x000000000000149c        0x0 obj/default/hello_world_small.o
 .data          0x000000000000149c        0x0 ../cpu_bsp/\libhal_bsp.a(alt_load.o)
 .data          0x000000000000149c        0x0 ../cpu_bsp/\libhal_bsp.a(alt_main.o)
 .data          0x000000000000149c        0x0 ../cpu_bsp/\libhal_bsp.a(alt_usleep.o)
 .data          0x000000000000149c        0x0 ../cpu_bsp/\libhal_bsp.a(alt_sys_init.o)
 .data          0x000000000000149c        0x0 ../cpu_bsp/\libhal_bsp.a(alt_busy_sleep.o)
 .data          0x000000000000149c        0x0 ../cpu_bsp/\libhal_bsp.a(alt_dcache_flush_all.o)
 .data          0x000000000000149c        0x0 ../cpu_bsp/\libhal_bsp.a(alt_do_ctors.o)
 .data          0x000000000000149c        0x0 ../cpu_bsp/\libhal_bsp.a(alt_icache_flush_all.o)
 .data          0x000000000000149c        0x0 ../cpu_bsp/\libhal_bsp.a(altera_nios2_gen2_irq.o)
 .data          0x000000000000149c        0x0 c:/intelfpga_lite/17.1/nios2eds/bin/gnu/h-x86_64-mingw32/bin/../lib/gcc/nios2-elf/5.3.0/mno-hw-mul\libgcc.a(lib2-divmod.o)
 .data          0x000000000000149c        0x0 c:/intelfpga_lite/17.1/nios2eds/bin/gnu/h-x86_64-mingw32/bin/../lib/gcc/nios2-elf/5.3.0/mno-hw-mul\libgcc.a(lib2-mul.o)
                0x000000000000949c                _gp = ABSOLUTE ((. + 0x8000))
                [!provide]                        PROVIDE (gp, _gp)
 *(.rwdata .rwdata.*)
 *(.sdata .sdata.* .gnu.linkonce.s.*)
 *(.sdata2 .sdata2.* .gnu.linkonce.s2.*)
                0x000000000000149c                . = ALIGN (0x4)
                0x000000000000149c                _edata = ABSOLUTE (.)
                [!provide]                        PROVIDE (edata, ABSOLUTE (.))
                0x000000000000149c                PROVIDE (__ram_rwdata_end, ABSOLUTE (.))
                0x000000000000149c                PROVIDE (__flash_rwdata_start, LOADADDR (.rwdata))

.bss            0x000000000000149c        0xc
                0x000000000000149c                __bss_start = ABSOLUTE (.)
                [!provide]                        PROVIDE (__sbss_start, ABSOLUTE (.))
                [!provide]                        PROVIDE (___sbss_start, ABSOLUTE (.))
 *(.dynsbss)
 *(.sbss .sbss.* .gnu.linkonce.sb.*)
 .sbss          0x000000000000149c        0xc ../cpu_bsp/\libhal_bsp.a(alt_main.o)
                0x000000000000149c                alt_envp
                0x00000000000014a0                alt_argv
                0x00000000000014a4                alt_argc
 *(.sbss2 .sbss2.* .gnu.linkonce.sb2.*)
 *(.scommon)
                [!provide]                        PROVIDE (__sbss_end, ABSOLUTE (.))
                [!provide]                        PROVIDE (___sbss_end, ABSOLUTE (.))
 *(.dynbss)
 *(.bss .bss.* .gnu.linkonce.b.*)
 .bss           0x00000000000014a8        0x0 ../cpu_bsp//obj/HAL/src/crt0.o
 .bss           0x00000000000014a8        0x0 obj/default/hello_world_small.o
 .bss           0x00000000000014a8        0x0 ../cpu_bsp/\libhal_bsp.a(alt_load.o)
 .bss           0x00000000000014a8        0x0 ../cpu_bsp/\libhal_bsp.a(alt_main.o)
 .bss           0x00000000000014a8        0x0 ../cpu_bsp/\libhal_bsp.a(alt_usleep.o)
 .bss           0x00000000000014a8        0x0 ../cpu_bsp/\libhal_bsp.a(alt_sys_init.o)
 .bss           0x00000000000014a8        0x0 ../cpu_bsp/\libhal_bsp.a(alt_busy_sleep.o)
 .bss           0x00000000000014a8        0x0 ../cpu_bsp/\libhal_bsp.a(alt_dcache_flush_all.o)
 .bss           0x00000000000014a8        0x0 ../cpu_bsp/\libhal_bsp.a(alt_do_ctors.o)
 .bss           0x00000000000014a8        0x0 ../cpu_bsp/\libhal_bsp.a(alt_icache_flush_all.o)
 .bss           0x00000000000014a8        0x0 ../cpu_bsp/\libhal_bsp.a(altera_nios2_gen2_irq.o)
 .bss           0x00000000000014a8        0x0 c:/intelfpga_lite/17.1/nios2eds/bin/gnu/h-x86_64-mingw32/bin/../lib/gcc/nios2-elf/5.3.0/mno-hw-mul\libgcc.a(lib2-divmod.o)
 .bss           0x00000000000014a8        0x0 c:/intelfpga_lite/17.1/nios2eds/bin/gnu/h-x86_64-mingw32/bin/../lib/gcc/nios2-elf/5.3.0/mno-hw-mul\libgcc.a(lib2-mul.o)
 *(COMMON)
                0x00000000000014a8                . = ALIGN (0x4)
                0x00000000000014a8                __bss_end = ABSOLUTE (.)

.onchip_memory2_0
                0x00000000000014a8        0x0
                [!provide]                        PROVIDE (_alt_partition_onchip_memory2_0_start, ABSOLUTE (.))
 *(.onchip_memory2_0 .onchip_memory2_0. onchip_memory2_0.*)
                0x00000000000014a8                . = ALIGN (0x4)
                [!provide]                        PROVIDE (_alt_partition_onchip_memory2_0_end, ABSOLUTE (.))
                0x00000000000014a8                _end = ABSOLUTE (.)
                0x00000000000014a8                end = ABSOLUTE (.)
                0x00000000000014a8                __alt_stack_base = ABSOLUTE (.)
                [!provide]                        PROVIDE (_alt_partition_onchip_memory2_0_load_addr, LOADADDR (.onchip_memory2_0))

.stab
 *(.stab)

.stabstr
 *(.stabstr)

.stab.excl
 *(.stab.excl)

.stab.exclstr
 *(.stab.exclstr)

.stab.index
 *(.stab.index)

.stab.indexstr
 *(.stab.indexstr)

.comment        0x0000000000000000       0x23
 *(.comment)
 .comment       0x0000000000000000       0x23 obj/default/hello_world_small.o
                                         0x24 (size before relaxing)
 .comment       0x0000000000000023       0x24 ../cpu_bsp/\libhal_bsp.a(alt_load.o)
 .comment       0x0000000000000023       0x24 ../cpu_bsp/\libhal_bsp.a(alt_main.o)
 .comment       0x0000000000000023       0x24 ../cpu_bsp/\libhal_bsp.a(alt_usleep.o)
 .comment       0x0000000000000023       0x24 ../cpu_bsp/\libhal_bsp.a(alt_sys_init.o)
 .comment       0x0000000000000023       0x24 ../cpu_bsp/\libhal_bsp.a(alt_busy_sleep.o)
 .comment       0x0000000000000023       0x24 ../cpu_bsp/\libhal_bsp.a(alt_dcache_flush_all.o)
 .comment       0x0000000000000023       0x24 ../cpu_bsp/\libhal_bsp.a(alt_do_ctors.o)
 .comment       0x0000000000000023       0x24 ../cpu_bsp/\libhal_bsp.a(alt_icache_flush_all.o)
 .comment       0x0000000000000023       0x24 ../cpu_bsp/\libhal_bsp.a(altera_nios2_gen2_irq.o)
 .comment       0x0000000000000023       0x24 c:/intelfpga_lite/17.1/nios2eds/bin/gnu/h-x86_64-mingw32/bin/../lib/gcc/nios2-elf/5.3.0/mno-hw-mul\libgcc.a(lib2-divmod.o)
 .comment       0x0000000000000023       0x24 c:/intelfpga_lite/17.1/nios2eds/bin/gnu/h-x86_64-mingw32/bin/../lib/gcc/nios2-elf/5.3.0/mno-hw-mul\libgcc.a(lib2-mul.o)

.debug
 *(.debug)

.line
 *(.line)

.debug_srcinfo
 *(.debug_srcinfo)

.debug_sfnames
 *(.debug_sfnames)

.debug_aranges  0x0000000000000000      0x1a8
 *(.debug_aranges)
 .debug_aranges
                0x0000000000000000       0x28 ../cpu_bsp//obj/HAL/src/crt0.o
 .debug_aranges
                0x0000000000000028       0x20 obj/default/hello_world_small.o
 .debug_aranges
                0x0000000000000048       0x20 ../cpu_bsp/\libhal_bsp.a(alt_load.o)
 .debug_aranges
                0x0000000000000068       0x20 ../cpu_bsp/\libhal_bsp.a(alt_main.o)
 .debug_aranges
                0x0000000000000088       0x20 ../cpu_bsp/\libhal_bsp.a(alt_usleep.o)
 .debug_aranges
                0x00000000000000a8       0x20 ../cpu_bsp/\libhal_bsp.a(alt_sys_init.o)
 .debug_aranges
                0x00000000000000c8       0x20 ../cpu_bsp/\libhal_bsp.a(alt_busy_sleep.o)
 .debug_aranges
                0x00000000000000e8       0x20 ../cpu_bsp/\libhal_bsp.a(alt_dcache_flush_all.o)
 .debug_aranges
                0x0000000000000108       0x20 ../cpu_bsp/\libhal_bsp.a(alt_do_ctors.o)
 .debug_aranges
                0x0000000000000128       0x20 ../cpu_bsp/\libhal_bsp.a(alt_icache_flush_all.o)
 .debug_aranges
                0x0000000000000148       0x20 ../cpu_bsp/\libhal_bsp.a(altera_nios2_gen2_irq.o)
 .debug_aranges
                0x0000000000000168       0x20 c:/intelfpga_lite/17.1/nios2eds/bin/gnu/h-x86_64-mingw32/bin/../lib/gcc/nios2-elf/5.3.0/mno-hw-mul\libgcc.a(lib2-divmod.o)
 .debug_aranges
                0x0000000000000188       0x20 c:/intelfpga_lite/17.1/nios2eds/bin/gnu/h-x86_64-mingw32/bin/../lib/gcc/nios2-elf/5.3.0/mno-hw-mul\libgcc.a(lib2-mul.o)

.debug_pubnames
 *(.debug_pubnames)

.debug_info     0x0000000000000000      0xd4f
 *(.debug_info .gnu.linkonce.wi.*)
 .debug_info    0x0000000000000000       0x7d ../cpu_bsp//obj/HAL/src/crt0.o
 .debug_info    0x000000000000007d       0xd4 obj/default/hello_world_small.o
 .debug_info    0x0000000000000151      0x1c9 ../cpu_bsp/\libhal_bsp.a(alt_load.o)
 .debug_info    0x000000000000031a      0x1a3 ../cpu_bsp/\libhal_bsp.a(alt_main.o)
 .debug_info    0x00000000000004bd       0xd1 ../cpu_bsp/\libhal_bsp.a(alt_usleep.o)
 .debug_info    0x000000000000058e      0x10f ../cpu_bsp/\libhal_bsp.a(alt_sys_init.o)
 .debug_info    0x000000000000069d       0xd8 ../cpu_bsp/\libhal_bsp.a(alt_busy_sleep.o)
 .debug_info    0x0000000000000775       0x92 ../cpu_bsp/\libhal_bsp.a(alt_dcache_flush_all.o)
 .debug_info    0x0000000000000807       0x84 ../cpu_bsp/\libhal_bsp.a(alt_do_ctors.o)
 .debug_info    0x000000000000088b       0x92 ../cpu_bsp/\libhal_bsp.a(alt_icache_flush_all.o)
 .debug_info    0x000000000000091d       0xb8 ../cpu_bsp/\libhal_bsp.a(altera_nios2_gen2_irq.o)
 .debug_info    0x00000000000009d5      0x2c6 c:/intelfpga_lite/17.1/nios2eds/bin/gnu/h-x86_64-mingw32/bin/../lib/gcc/nios2-elf/5.3.0/mno-hw-mul\libgcc.a(lib2-divmod.o)
 .debug_info    0x0000000000000c9b       0xb4 c:/intelfpga_lite/17.1/nios2eds/bin/gnu/h-x86_64-mingw32/bin/../lib/gcc/nios2-elf/5.3.0/mno-hw-mul\libgcc.a(lib2-mul.o)

.debug_abbrev   0x0000000000000000      0x73b
 *(.debug_abbrev)
 .debug_abbrev  0x0000000000000000       0x12 ../cpu_bsp//obj/HAL/src/crt0.o
 .debug_abbrev  0x0000000000000012       0x89 obj/default/hello_world_small.o
 .debug_abbrev  0x000000000000009b       0xd8 ../cpu_bsp/\libhal_bsp.a(alt_load.o)
 .debug_abbrev  0x0000000000000173       0xf5 ../cpu_bsp/\libhal_bsp.a(alt_main.o)
 .debug_abbrev  0x0000000000000268       0x8d ../cpu_bsp/\libhal_bsp.a(alt_usleep.o)
 .debug_abbrev  0x00000000000002f5       0xd8 ../cpu_bsp/\libhal_bsp.a(alt_sys_init.o)
 .debug_abbrev  0x00000000000003cd       0x8d ../cpu_bsp/\libhal_bsp.a(alt_busy_sleep.o)
 .debug_abbrev  0x000000000000045a       0x42 ../cpu_bsp/\libhal_bsp.a(alt_dcache_flush_all.o)
 .debug_abbrev  0x000000000000049c       0x79 ../cpu_bsp/\libhal_bsp.a(alt_do_ctors.o)
 .debug_abbrev  0x0000000000000515       0x42 ../cpu_bsp/\libhal_bsp.a(alt_icache_flush_all.o)
 .debug_abbrev  0x0000000000000557       0x67 ../cpu_bsp/\libhal_bsp.a(altera_nios2_gen2_irq.o)
 .debug_abbrev  0x00000000000005be      0x10e c:/intelfpga_lite/17.1/nios2eds/bin/gnu/h-x86_64-mingw32/bin/../lib/gcc/nios2-elf/5.3.0/mno-hw-mul\libgcc.a(lib2-divmod.o)
 .debug_abbrev  0x00000000000006cc       0x6f c:/intelfpga_lite/17.1/nios2eds/bin/gnu/h-x86_64-mingw32/bin/../lib/gcc/nios2-elf/5.3.0/mno-hw-mul\libgcc.a(lib2-mul.o)

.debug_line     0x0000000000000000      0x823
 *(.debug_line)
 .debug_line    0x0000000000000000       0x66 ../cpu_bsp//obj/HAL/src/crt0.o
 .debug_line    0x0000000000000066       0xdc obj/default/hello_world_small.o
 .debug_line    0x0000000000000142       0xa4 ../cpu_bsp/\libhal_bsp.a(alt_load.o)
 .debug_line    0x00000000000001e6       0xed ../cpu_bsp/\libhal_bsp.a(alt_main.o)
 .debug_line    0x00000000000002d3       0xcf ../cpu_bsp/\libhal_bsp.a(alt_usleep.o)
 .debug_line    0x00000000000003a2       0xbf ../cpu_bsp/\libhal_bsp.a(alt_sys_init.o)
 .debug_line    0x0000000000000461       0xb5 ../cpu_bsp/\libhal_bsp.a(alt_busy_sleep.o)
 .debug_line    0x0000000000000516       0x4e ../cpu_bsp/\libhal_bsp.a(alt_dcache_flush_all.o)
 .debug_line    0x0000000000000564       0x60 ../cpu_bsp/\libhal_bsp.a(alt_do_ctors.o)
 .debug_line    0x00000000000005c4       0x4e ../cpu_bsp/\libhal_bsp.a(alt_icache_flush_all.o)
 .debug_line    0x0000000000000612       0x8c ../cpu_bsp/\libhal_bsp.a(altera_nios2_gen2_irq.o)
 .debug_line    0x000000000000069e      0x105 c:/intelfpga_lite/17.1/nios2eds/bin/gnu/h-x86_64-mingw32/bin/../lib/gcc/nios2-elf/5.3.0/mno-hw-mul\libgcc.a(lib2-divmod.o)
 .debug_line    0x00000000000007a3       0x80 c:/intelfpga_lite/17.1/nios2eds/bin/gnu/h-x86_64-mingw32/bin/../lib/gcc/nios2-elf/5.3.0/mno-hw-mul\libgcc.a(lib2-mul.o)

.debug_frame    0x0000000000000000      0x218
 *(.debug_frame)
 .debug_frame   0x0000000000000000       0x2c obj/default/hello_world_small.o
 .debug_frame   0x000000000000002c       0x30 ../cpu_bsp/\libhal_bsp.a(alt_load.o)
 .debug_frame   0x000000000000005c       0x2c ../cpu_bsp/\libhal_bsp.a(alt_main.o)
 .debug_frame   0x0000000000000088       0x20 ../cpu_bsp/\libhal_bsp.a(alt_usleep.o)
 .debug_frame   0x00000000000000a8       0x3c ../cpu_bsp/\libhal_bsp.a(alt_sys_init.o)
 .debug_frame   0x00000000000000e4       0x30 ../cpu_bsp/\libhal_bsp.a(alt_busy_sleep.o)
 .debug_frame   0x0000000000000114       0x20 ../cpu_bsp/\libhal_bsp.a(alt_dcache_flush_all.o)
 .debug_frame   0x0000000000000134       0x34 ../cpu_bsp/\libhal_bsp.a(alt_do_ctors.o)
 .debug_frame   0x0000000000000168       0x20 ../cpu_bsp/\libhal_bsp.a(alt_icache_flush_all.o)
 .debug_frame   0x0000000000000188       0x20 ../cpu_bsp/\libhal_bsp.a(altera_nios2_gen2_irq.o)
 .debug_frame   0x00000000000001a8       0x50 c:/intelfpga_lite/17.1/nios2eds/bin/gnu/h-x86_64-mingw32/bin/../lib/gcc/nios2-elf/5.3.0/mno-hw-mul\libgcc.a(lib2-divmod.o)
 .debug_frame   0x00000000000001f8       0x20 c:/intelfpga_lite/17.1/nios2eds/bin/gnu/h-x86_64-mingw32/bin/../lib/gcc/nios2-elf/5.3.0/mno-hw-mul\libgcc.a(lib2-mul.o)

.debug_str      0x0000000000000000      0x690
 *(.debug_str)
 .debug_str     0x0000000000000000      0x10b obj/default/hello_world_small.o
                                        0x149 (size before relaxing)
 .debug_str     0x000000000000010b      0x1b9 ../cpu_bsp/\libhal_bsp.a(alt_load.o)
                                        0x24b (size before relaxing)
 .debug_str     0x00000000000002c4       0xba ../cpu_bsp/\libhal_bsp.a(alt_main.o)
                                        0x1f7 (size before relaxing)
 .debug_str     0x000000000000037e       0x2f ../cpu_bsp/\libhal_bsp.a(alt_usleep.o)
                                        0x166 (size before relaxing)
 .debug_str     0x00000000000003ad       0x4d ../cpu_bsp/\libhal_bsp.a(alt_sys_init.o)
                                        0x1c0 (size before relaxing)
 .debug_str     0x00000000000003fa       0x33 ../cpu_bsp/\libhal_bsp.a(alt_busy_sleep.o)
                                        0x17a (size before relaxing)
 .debug_str     0x000000000000042d       0x1f ../cpu_bsp/\libhal_bsp.a(alt_dcache_flush_all.o)
                                        0x164 (size before relaxing)
 .debug_str     0x000000000000044c       0x3e ../cpu_bsp/\libhal_bsp.a(alt_do_ctors.o)
                                         0xdf (size before relaxing)
 .debug_str     0x000000000000048a       0x1f ../cpu_bsp/\libhal_bsp.a(alt_icache_flush_all.o)
                                        0x164 (size before relaxing)
 .debug_str     0x00000000000004a9       0x20 ../cpu_bsp/\libhal_bsp.a(altera_nios2_gen2_irq.o)
                                        0x194 (size before relaxing)
 .debug_str     0x00000000000004c9      0x187 c:/intelfpga_lite/17.1/nios2eds/bin/gnu/h-x86_64-mingw32/bin/../lib/gcc/nios2-elf/5.3.0/mno-hw-mul\libgcc.a(lib2-divmod.o)
                                        0x1d2 (size before relaxing)
 .debug_str     0x0000000000000650       0x40 c:/intelfpga_lite/17.1/nios2eds/bin/gnu/h-x86_64-mingw32/bin/../lib/gcc/nios2-elf/5.3.0/mno-hw-mul\libgcc.a(lib2-mul.o)
                                        0x193 (size before relaxing)

.debug_loc      0x0000000000000000      0x635
 *(.debug_loc)
 .debug_loc     0x0000000000000000       0x21 ../cpu_bsp/\libhal_bsp.a(alt_usleep.o)
 .debug_loc     0x0000000000000021       0x21 ../cpu_bsp/\libhal_bsp.a(alt_sys_init.o)
 .debug_loc     0x0000000000000042       0x67 ../cpu_bsp/\libhal_bsp.a(alt_busy_sleep.o)
 .debug_loc     0x00000000000000a9       0x2b ../cpu_bsp/\libhal_bsp.a(alt_do_ctors.o)
 .debug_loc     0x00000000000000d4      0x4ce c:/intelfpga_lite/17.1/nios2eds/bin/gnu/h-x86_64-mingw32/bin/../lib/gcc/nios2-elf/5.3.0/mno-hw-mul\libgcc.a(lib2-divmod.o)
 .debug_loc     0x00000000000005a2       0x93 c:/intelfpga_lite/17.1/nios2eds/bin/gnu/h-x86_64-mingw32/bin/../lib/gcc/nios2-elf/5.3.0/mno-hw-mul\libgcc.a(lib2-mul.o)

.debug_macinfo
 *(.debug_macinfo)

.debug_weaknames
 *(.debug_weaknames)

.debug_funcnames
 *(.debug_funcnames)

.debug_typenames
 *(.debug_typenames)

.debug_varnames
 *(.debug_varnames)

.debug_alt_sim_info
                0x0000000000000000       0x40
 *(.debug_alt_sim_info)
 .debug_alt_sim_info
                0x0000000000000000       0x10 ../cpu_bsp//obj/HAL/src/crt0.o
 .debug_alt_sim_info
                0x0000000000000010       0x30 ../cpu_bsp/\libhal_bsp.a(alt_busy_sleep.o)
                0x0000000000002000                __alt_data_end = 0x2000
                0x0000000000002000                PROVIDE (__alt_stack_pointer, __alt_data_end)
                [!provide]                        PROVIDE (__alt_stack_limit, __alt_stack_base)
                [!provide]                        PROVIDE (__alt_heap_start, end)
                [!provide]                        PROVIDE (__alt_heap_limit, 0x2000)
OUTPUT(cpu.elf elf32-littlenios2)

.debug_ranges   0x0000000000000000       0xd8
 .debug_ranges  0x0000000000000000       0x20 ../cpu_bsp//obj/HAL/src/crt0.o
 .debug_ranges  0x0000000000000020       0x10 obj/default/hello_world_small.o
 .debug_ranges  0x0000000000000030       0x48 ../cpu_bsp/\libhal_bsp.a(alt_load.o)
 .debug_ranges  0x0000000000000078       0x60 c:/intelfpga_lite/17.1/nios2eds/bin/gnu/h-x86_64-mingw32/bin/../lib/gcc/nios2-elf/5.3.0/mno-hw-mul\libgcc.a(lib2-divmod.o)
