Flow report for SDRAM_DEMO
Wed Nov 02 14:26:55 2022
Quartus Prime Version 17.1.1 Internal Build 593 12/11/2017 SJ Lite Edition


---------------------
; Table of Contents ;
---------------------
  1. Legal Notice
  2. Flow Summary
  3. Flow Settings
  4. Flow Non-Default Global Settings
  5. Flow Elapsed Time
  6. Flow OS Summary
  7. Flow Log
  8. Flow Messages
  9. Flow Suppressed Messages



----------------
; Legal Notice ;
----------------
Copyright (C) 2017  Intel Corporation. All rights reserved.
Your use of Intel Corporation's design tools, logic functions 
and other software and tools, and its AMPP partner logic 
functions, and any output files from any of the foregoing 
(including device programming or simulation files), and any 
associated documentation or information are expressly subject 
to the terms and conditions of the Intel Program License 
Subscription Agreement, the Intel Quartus Prime License Agreement,
the Intel FPGA IP License Agreement, or other applicable license
agreement, including, without limitation, that your use is for
the sole purpose of programming logic devices manufactured by
Intel and sold by Intel or its authorized distributors.  Please
refer to the applicable agreement for further details.



+-------------------------------------------------------------------------------------------+
; Flow Summary                                                                              ;
+------------------------------------+------------------------------------------------------+
; Flow Status                        ; EDA Netlist Writer Failed - Wed Nov 02 14:26:55 2022 ;
; Quartus Prime Version              ; 17.1.1 Internal Build 593 12/11/2017 SJ Lite Edition ;
; Revision Name                      ; SDRAM_DEMO                                           ;
; Top-level Entity Name              ; NIOSII                                               ;
; Family                             ; Cyclone IV E                                         ;
; Device                             ; EP4CE10E22C7                                         ;
; Timing Models                      ; Final                                                ;
; Total logic elements               ; 3,988 / 10,320 ( 39 % )                              ;
;     Total combinational functions  ; 3,465 / 10,320 ( 34 % )                              ;
;     Dedicated logic registers      ; 2,432 / 10,320 ( 24 % )                              ;
; Total registers                    ; 2501                                                 ;
; Total pins                         ; 42 / 92 ( 46 % )                                     ;
; Total virtual pins                 ; 1                                                    ;
; Total memory bits                  ; 326,400 / 423,936 ( 77 % )                           ;
; Embedded Multiplier 9-bit elements ; 6 / 46 ( 13 % )                                      ;
; Total PLLs                         ; 1 / 2 ( 50 % )                                       ;
+------------------------------------+------------------------------------------------------+


+-----------------------------------------+
; Flow Settings                           ;
+-------------------+---------------------+
; Option            ; Setting             ;
+-------------------+---------------------+
; Start date & time ; 11/02/2022 14:26:06 ;
; Main task         ; Compilation         ;
; Revision Name     ; SDRAM_DEMO          ;
+-------------------+---------------------+


+-----------------------------------------------------------------------------------------------------------------------------------------------+
; Flow Non-Default Global Settings                                                                                                              ;
+-------------------------------------+----------------------------------------------------------+---------------+-------------+----------------+
; Assignment Name                     ; Value                                                    ; Default Value ; Entity Name ; Section Id     ;
+-------------------------------------+----------------------------------------------------------+---------------+-------------+----------------+
; COMPILER_SIGNATURE_ID               ; 238300920273011.166738836618092                          ; --            ; --          ; --             ;
; EDA_OUTPUT_DATA_FORMAT              ; Verilog Hdl                                              ; --            ; --          ; eda_simulation ;
; EDA_SIMULATION_TOOL                 ; ModelSim-Altera (Verilog)                                ; <None>        ; --          ; --             ;
; EDA_TIME_SCALE                      ; 1 ps                                                     ; --            ; --          ; eda_simulation ;
; MAX_CORE_JUNCTION_TEMP              ; 85                                                       ; --            ; --          ; --             ;
; MIN_CORE_JUNCTION_TEMP              ; 0                                                        ; --            ; --          ; --             ;
; MISC_FILE                           ; NIOSII/synthesis/../NIOSII.cmp                           ; --            ; --          ; --             ;
; MISC_FILE                           ; NIOSII/synthesis/../../NIOSII.qsys                       ; --            ; --          ; --             ;
; NOMINAL_CORE_SUPPLY_VOLTAGE         ; 1.2V                                                     ; --            ; --          ; --             ;
; PARTITION_COLOR                     ; -- (Not supported for targeted family)                   ; --            ; NIOSII      ; Top            ;
; PARTITION_FITTER_PRESERVATION_LEVEL ; -- (Not supported for targeted family)                   ; --            ; NIOSII      ; Top            ;
; PARTITION_NETLIST_TYPE              ; -- (Not supported for targeted family)                   ; --            ; NIOSII      ; Top            ;
; POWER_BOARD_THERMAL_MODEL           ; None (CONSERVATIVE)                                      ; --            ; --          ; --             ;
; POWER_PRESET_COOLING_SOLUTION       ; 23 MM HEAT SINK WITH 200 LFPM AIRFLOW                    ; --            ; --          ; --             ;
; PROJECT_OUTPUT_DIRECTORY            ; output_files                                             ; --            ; --          ; --             ;
; SEARCH_PATH                         ; software/SDRAMtes/mem_init/                              ; --            ; --          ; --             ;
; SLD_FILE                            ; NIOSII/synthesis/NIOSII.regmap                           ; --            ; --          ; --             ;
; SLD_FILE                            ; NIOSII/synthesis/NIOSII.debuginfo                        ; --            ; --          ; --             ;
; SLD_INFO                            ; QSYS_NAME NIOSII HAS_SOPCINFO 1 GENERATION_ID 1667386806 ; --            ; NIOSII      ; --             ;
; SOPCINFO_FILE                       ; NIOSII/synthesis/../../NIOSII.sopcinfo                   ; --            ; --          ; --             ;
; SYNTHESIS_ONLY_QIP                  ; On                                                       ; --            ; --          ; --             ;
; TOP_LEVEL_ENTITY                    ; NIOSII                                                   ; SDRAM_DEMO    ; --          ; --             ;
+-------------------------------------+----------------------------------------------------------+---------------+-------------+----------------+


+-------------------------------------------------------------------------------------------------------------------------------+
; Flow Elapsed Time                                                                                                             ;
+---------------------------+--------------+-------------------------+---------------------+------------------------------------+
; Module Name               ; Elapsed Time ; Average Processors Used ; Peak Virtual Memory ; Total CPU Time (on all processors) ;
+---------------------------+--------------+-------------------------+---------------------+------------------------------------+
; Analysis & Synthesis      ; 00:00:29     ; 1.0                     ; 4960 MB             ; 00:00:47                           ;
; Fitter                    ; 00:00:10     ; 1.2                     ; 5877 MB             ; 00:00:14                           ;
; Assembler                 ; 00:00:01     ; 1.0                     ; 4688 MB             ; 00:00:01                           ;
; TimeQuest Timing Analyzer ; 00:00:02     ; 1.5                     ; 4858 MB             ; 00:00:03                           ;
; EDA Netlist Writer        ; 00:00:02     ; 1.0                     ; 4668 MB             ; 00:00:02                           ;
; Total                     ; 00:00:44     ; --                      ; --                  ; 00:01:07                           ;
+---------------------------+--------------+-------------------------+---------------------+------------------------------------+


+-----------------------------------------------------------------------------------------+
; Flow OS Summary                                                                         ;
+---------------------------+------------------+------------+------------+----------------+
; Module Name               ; Machine Hostname ; OS Name    ; OS Version ; Processor type ;
+---------------------------+------------------+------------+------------+----------------+
; Analysis & Synthesis      ; DESKTOP-COPP5P1  ; Windows 10 ; 10.0       ; x86_64         ;
; Fitter                    ; DESKTOP-COPP5P1  ; Windows 10 ; 10.0       ; x86_64         ;
; Assembler                 ; DESKTOP-COPP5P1  ; Windows 10 ; 10.0       ; x86_64         ;
; TimeQuest Timing Analyzer ; DESKTOP-COPP5P1  ; Windows 10 ; 10.0       ; x86_64         ;
; EDA Netlist Writer        ; DESKTOP-COPP5P1  ; Windows 10 ; 10.0       ; x86_64         ;
+---------------------------+------------------+------------+------------+----------------+


------------
; Flow Log ;
------------
quartus_map --read_settings_files=on --write_settings_files=off SDRAM_DEMO -c SDRAM_DEMO
quartus_fit --read_settings_files=off --write_settings_files=off SDRAM_DEMO -c SDRAM_DEMO
quartus_asm --read_settings_files=off --write_settings_files=off SDRAM_DEMO -c SDRAM_DEMO
quartus_sta SDRAM_DEMO -c SDRAM_DEMO
quartus_eda --read_settings_files=off --write_settings_files=off SDRAM_DEMO -c SDRAM_DEMO



